======================================================================
  AGGRESSIVE RAG SYSTEM TEST SUITE ù 40 TESTS
======================================================================
.venv\Scripts\python : Traceback (most 
recent call last):
At line:1 char:1
+ .venv\Scripts\python test_aggressive.py 
2>&1 | Out-File -Encoding utf ...
+ 
~~~~~~~~~~~~~~~~~~~~~~~~~~~~~~~~~~~~~~~~~~~~
    + CategoryInfo          : NotSpecified: 
    (Traceback (most recent call last)::St  
  ring) [], RemoteException
    + FullyQualifiedErrorId : NativeCommand 
   Error
 
  File "C:\Users\User\Documents\GenAI\backen
d\test_aggressive.py", line 187, in <module>
    print("\n\u25b6 CATEGORY 1: BASIC 
QUERIES")
  File "C:\Program Files\WindowsApps\PythonS
oftwareFoundation.Python.3.11_3.11.2544.0_x6
4__qbz5n2kfra8p0\Lib\encodings\cp1252.py", 
line 19, in encode
    return codecs.charmap_encode(input,self.
errors,encoding_table)[0]
           ^^^^^^^^^^^^^^^^^^^^^^^^^^^^^^^^^
^^^^^^^^^^^^^^^^^^^^^^
UnicodeEncodeError: 'charmap' codec can't 
encode character '\u25b6' in position 2: 
character maps to <undefined>
